TimeQuest Timing Analyzer report for bin_to_sseg_test
Sun Jul 16 17:19:09 2023
Quartus II 64-Bit Version 13.0.1 Build 232 06/12/2013 Service Pack 1 SJ Web Edition


---------------------
; Table of Contents ;
---------------------
  1. Legal Notice
  2. TimeQuest Timing Analyzer Summary
  3. Parallel Compilation
  4. Clocks
  5. Slow Model Fmax Summary
  6. Slow Model Setup Summary
  7. Slow Model Hold Summary
  8. Slow Model Recovery Summary
  9. Slow Model Removal Summary
 10. Slow Model Minimum Pulse Width Summary
 11. Propagation Delay
 12. Minimum Propagation Delay
 13. Fast Model Setup Summary
 14. Fast Model Hold Summary
 15. Fast Model Recovery Summary
 16. Fast Model Removal Summary
 17. Fast Model Minimum Pulse Width Summary
 18. Propagation Delay
 19. Minimum Propagation Delay
 20. Multicorner Timing Analysis Summary
 21. Progagation Delay
 22. Minimum Progagation Delay
 23. Clock Transfers
 24. Report TCCS
 25. Report RSKM
 26. Unconstrained Paths
 27. TimeQuest Timing Analyzer Messages



----------------
; Legal Notice ;
----------------
Copyright (C) 1991-2013 Altera Corporation
Your use of Altera Corporation's design tools, logic functions 
and other software and tools, and its AMPP partner logic 
functions, and any output files from any of the foregoing 
(including device programming or simulation files), and any 
associated documentation or information are expressly subject 
to the terms and conditions of the Altera Program License 
Subscription Agreement, Altera MegaCore Function License 
Agreement, or other applicable license agreement, including, 
without limitation, that your use is for the sole purpose of 
programming logic devices manufactured by Altera and sold by 
Altera or its authorized distributors.  Please refer to the 
applicable agreement for further details.



+----------------------------------------------------------------------------------------+
; TimeQuest Timing Analyzer Summary                                                      ;
+--------------------+-------------------------------------------------------------------+
; Quartus II Version ; Version 13.0.1 Build 232 06/12/2013 Service Pack 1 SJ Web Edition ;
; Revision Name      ; bin_to_sseg_test                                                  ;
; Device Family      ; Cyclone II                                                        ;
; Device Name        ; EP2C20F484C7                                                      ;
; Timing Models      ; Final                                                             ;
; Delay Model        ; Combined                                                          ;
; Rise/Fall Delays   ; Unavailable                                                       ;
+--------------------+-------------------------------------------------------------------+


Parallel compilation was disabled, but you have multiple processors available. Enable parallel compilation to reduce compilation time.
+-------------------------------------+
; Parallel Compilation                ;
+----------------------------+--------+
; Processors                 ; Number ;
+----------------------------+--------+
; Number detected on machine ; 8      ;
; Maximum allowed            ; 1      ;
+----------------------------+--------+


----------
; Clocks ;
----------
No clocks to report.


---------------------------
; Slow Model Fmax Summary ;
---------------------------
No paths to report.


----------------------------
; Slow Model Setup Summary ;
----------------------------
No paths to report.


---------------------------
; Slow Model Hold Summary ;
---------------------------
No paths to report.


-------------------------------
; Slow Model Recovery Summary ;
-------------------------------
No paths to report.


------------------------------
; Slow Model Removal Summary ;
------------------------------
No paths to report.


------------------------------------------
; Slow Model Minimum Pulse Width Summary ;
------------------------------------------
No paths to report.


+----------------------------------------------------------+
; Propagation Delay                                        ;
+------------+-------------+-------+-------+-------+-------+
; Input Port ; Output Port ; RR    ; RF    ; FR    ; FF    ;
+------------+-------------+-------+-------+-------+-------+
; sw[0]      ; hex0[0]     ; 7.568 ; 7.568 ; 7.568 ; 7.568 ;
; sw[0]      ; hex0[1]     ; 7.589 ; 7.589 ; 7.589 ; 7.589 ;
; sw[0]      ; hex0[2]     ;       ; 7.896 ; 7.896 ;       ;
; sw[0]      ; hex0[3]     ; 7.916 ; 7.916 ; 7.916 ; 7.916 ;
; sw[0]      ; hex0[4]     ; 7.945 ;       ;       ; 7.945 ;
; sw[0]      ; hex0[5]     ; 7.956 ;       ;       ; 7.956 ;
; sw[0]      ; hex0[6]     ; 7.952 ; 7.952 ; 7.952 ; 7.952 ;
; sw[0]      ; hex2[0]     ; 7.942 ; 7.942 ; 7.942 ; 7.942 ;
; sw[0]      ; hex2[1]     ; 8.269 ; 8.269 ; 8.269 ; 8.269 ;
; sw[0]      ; hex2[2]     ;       ; 8.276 ; 8.276 ;       ;
; sw[0]      ; hex2[3]     ; 8.303 ; 8.303 ; 8.303 ; 8.303 ;
; sw[0]      ; hex2[4]     ; 8.294 ;       ;       ; 8.294 ;
; sw[0]      ; hex2[5]     ; 8.305 ;       ;       ; 8.305 ;
; sw[0]      ; hex2[6]     ; 8.310 ; 8.310 ; 8.310 ; 8.310 ;
; sw[1]      ; hex0[0]     ; 7.328 ; 7.328 ; 7.328 ; 7.328 ;
; sw[1]      ; hex0[1]     ; 7.359 ; 7.359 ; 7.359 ; 7.359 ;
; sw[1]      ; hex0[2]     ; 7.688 ;       ;       ; 7.688 ;
; sw[1]      ; hex0[3]     ; 7.696 ; 7.696 ; 7.696 ; 7.696 ;
; sw[1]      ; hex0[4]     ;       ; 7.715 ; 7.715 ;       ;
; sw[1]      ; hex0[5]     ; 7.717 ; 7.717 ; 7.717 ; 7.717 ;
; sw[1]      ; hex0[6]     ; 7.711 ; 7.711 ; 7.711 ; 7.711 ;
; sw[1]      ; hex2[0]     ; 7.702 ; 7.702 ; 7.702 ; 7.702 ;
; sw[1]      ; hex2[1]     ; 8.039 ; 8.039 ; 8.039 ; 8.039 ;
; sw[1]      ; hex2[2]     ; 8.068 ;       ;       ; 8.068 ;
; sw[1]      ; hex2[3]     ; 8.083 ; 8.083 ; 8.083 ; 8.083 ;
; sw[1]      ; hex2[4]     ;       ; 8.064 ; 8.064 ;       ;
; sw[1]      ; hex2[5]     ; 8.066 ; 8.066 ; 8.066 ; 8.066 ;
; sw[1]      ; hex2[6]     ; 8.069 ; 8.069 ; 8.069 ; 8.069 ;
; sw[2]      ; hex0[0]     ; 6.992 ; 6.992 ; 6.992 ; 6.992 ;
; sw[2]      ; hex0[1]     ; 7.017 ;       ;       ; 7.017 ;
; sw[2]      ; hex0[2]     ; 7.353 ; 7.353 ; 7.353 ; 7.353 ;
; sw[2]      ; hex0[3]     ; 7.349 ; 7.349 ; 7.349 ; 7.349 ;
; sw[2]      ; hex0[4]     ; 7.373 ; 7.373 ; 7.373 ; 7.373 ;
; sw[2]      ; hex0[5]     ; 7.382 ; 7.382 ; 7.382 ; 7.382 ;
; sw[2]      ; hex0[6]     ; 7.378 ; 7.378 ; 7.378 ; 7.378 ;
; sw[2]      ; hex2[0]     ; 7.366 ; 7.366 ; 7.366 ; 7.366 ;
; sw[2]      ; hex2[1]     ; 7.697 ;       ;       ; 7.697 ;
; sw[2]      ; hex2[2]     ; 7.733 ; 7.733 ; 7.733 ; 7.733 ;
; sw[2]      ; hex2[3]     ; 7.736 ; 7.736 ; 7.736 ; 7.736 ;
; sw[2]      ; hex2[4]     ; 7.722 ; 7.722 ; 7.722 ; 7.722 ;
; sw[2]      ; hex2[5]     ; 7.731 ; 7.731 ; 7.731 ; 7.731 ;
; sw[2]      ; hex2[6]     ; 7.736 ; 7.736 ; 7.736 ; 7.736 ;
; sw[3]      ; hex0[0]     ; 6.906 ; 6.906 ; 6.906 ; 6.906 ;
; sw[3]      ; hex0[1]     ; 6.928 ; 6.928 ; 6.928 ; 6.928 ;
; sw[3]      ; hex0[2]     ; 7.265 ; 7.265 ; 7.265 ; 7.265 ;
; sw[3]      ; hex0[3]     ; 7.259 ; 7.259 ; 7.259 ; 7.259 ;
; sw[3]      ; hex0[4]     ;       ; 7.284 ; 7.284 ;       ;
; sw[3]      ; hex0[5]     ; 7.296 ; 7.296 ; 7.296 ; 7.296 ;
; sw[3]      ; hex0[6]     ; 7.290 ; 7.290 ; 7.290 ; 7.290 ;
; sw[3]      ; hex2[0]     ; 7.280 ; 7.280 ; 7.280 ; 7.280 ;
; sw[3]      ; hex2[1]     ; 7.608 ; 7.608 ; 7.608 ; 7.608 ;
; sw[3]      ; hex2[2]     ; 7.645 ; 7.645 ; 7.645 ; 7.645 ;
; sw[3]      ; hex2[3]     ; 7.646 ; 7.646 ; 7.646 ; 7.646 ;
; sw[3]      ; hex2[4]     ;       ; 7.633 ; 7.633 ;       ;
; sw[3]      ; hex2[5]     ; 7.645 ; 7.645 ; 7.645 ; 7.645 ;
; sw[3]      ; hex2[6]     ; 7.648 ; 7.648 ; 7.648 ; 7.648 ;
; sw[4]      ; hex1[0]     ; 7.306 ; 7.306 ; 7.306 ; 7.306 ;
; sw[4]      ; hex1[1]     ; 7.583 ; 7.583 ; 7.583 ; 7.583 ;
; sw[4]      ; hex1[2]     ;       ; 7.569 ; 7.569 ;       ;
; sw[4]      ; hex1[3]     ; 7.615 ; 7.615 ; 7.615 ; 7.615 ;
; sw[4]      ; hex1[4]     ; 7.608 ;       ;       ; 7.608 ;
; sw[4]      ; hex1[5]     ; 7.651 ;       ;       ; 7.651 ;
; sw[4]      ; hex1[6]     ; 7.647 ; 7.647 ; 7.647 ; 7.647 ;
; sw[4]      ; hex3[0]     ; 7.633 ; 7.633 ; 7.633 ; 7.633 ;
; sw[4]      ; hex3[1]     ; 7.805 ; 7.805 ; 7.805 ; 7.805 ;
; sw[4]      ; hex3[2]     ;       ; 7.792 ; 7.792 ;       ;
; sw[4]      ; hex3[3]     ; 7.625 ; 7.625 ; 7.625 ; 7.625 ;
; sw[4]      ; hex3[4]     ; 7.587 ;       ;       ; 7.587 ;
; sw[4]      ; hex3[5]     ; 7.631 ;       ;       ; 7.631 ;
; sw[4]      ; hex3[6]     ; 7.957 ; 7.957 ; 7.957 ; 7.957 ;
; sw[5]      ; hex1[0]     ; 7.143 ; 7.143 ; 7.143 ; 7.143 ;
; sw[5]      ; hex1[1]     ; 7.483 ; 7.483 ; 7.483 ; 7.483 ;
; sw[5]      ; hex1[2]     ; 7.476 ;       ;       ; 7.476 ;
; sw[5]      ; hex1[3]     ; 7.487 ; 7.487 ; 7.487 ; 7.487 ;
; sw[5]      ; hex1[4]     ;       ; 7.502 ; 7.502 ;       ;
; sw[5]      ; hex1[5]     ; 7.532 ; 7.532 ; 7.532 ; 7.532 ;
; sw[5]      ; hex1[6]     ; 7.534 ; 7.534 ; 7.534 ; 7.534 ;
; sw[5]      ; hex3[0]     ; 7.470 ; 7.470 ; 7.470 ; 7.470 ;
; sw[5]      ; hex3[1]     ; 7.705 ; 7.705 ; 7.705 ; 7.705 ;
; sw[5]      ; hex3[2]     ; 7.699 ;       ;       ; 7.699 ;
; sw[5]      ; hex3[3]     ; 7.497 ; 7.497 ; 7.497 ; 7.497 ;
; sw[5]      ; hex3[4]     ;       ; 7.481 ; 7.481 ;       ;
; sw[5]      ; hex3[5]     ; 7.512 ; 7.512 ; 7.512 ; 7.512 ;
; sw[5]      ; hex3[6]     ; 7.844 ; 7.844 ; 7.844 ; 7.844 ;
; sw[6]      ; hex1[0]     ; 7.135 ; 7.135 ; 7.135 ; 7.135 ;
; sw[6]      ; hex1[1]     ; 7.421 ;       ;       ; 7.421 ;
; sw[6]      ; hex1[2]     ; 7.421 ; 7.421 ; 7.421 ; 7.421 ;
; sw[6]      ; hex1[3]     ; 7.439 ; 7.439 ; 7.439 ; 7.439 ;
; sw[6]      ; hex1[4]     ; 7.441 ; 7.441 ; 7.441 ; 7.441 ;
; sw[6]      ; hex1[5]     ; 7.472 ; 7.472 ; 7.472 ; 7.472 ;
; sw[6]      ; hex1[6]     ; 7.472 ; 7.472 ; 7.472 ; 7.472 ;
; sw[6]      ; hex3[0]     ; 7.462 ; 7.462 ; 7.462 ; 7.462 ;
; sw[6]      ; hex3[1]     ; 7.643 ;       ;       ; 7.643 ;
; sw[6]      ; hex3[2]     ; 7.644 ; 7.644 ; 7.644 ; 7.644 ;
; sw[6]      ; hex3[3]     ; 7.449 ; 7.449 ; 7.449 ; 7.449 ;
; sw[6]      ; hex3[4]     ; 7.420 ; 7.420 ; 7.420 ; 7.420 ;
; sw[6]      ; hex3[5]     ; 7.452 ; 7.452 ; 7.452 ; 7.452 ;
; sw[6]      ; hex3[6]     ; 7.782 ; 7.782 ; 7.782 ; 7.782 ;
; sw[7]      ; hex1[0]     ; 5.766 ; 5.766 ; 5.766 ; 5.766 ;
; sw[7]      ; hex1[1]     ; 6.064 ; 6.064 ; 6.064 ; 6.064 ;
; sw[7]      ; hex1[2]     ; 6.061 ; 6.061 ; 6.061 ; 6.061 ;
; sw[7]      ; hex1[3]     ; 6.070 ; 6.070 ; 6.070 ; 6.070 ;
; sw[7]      ; hex1[4]     ;       ; 6.084 ; 6.084 ;       ;
; sw[7]      ; hex1[5]     ; 6.115 ; 6.115 ; 6.115 ; 6.115 ;
; sw[7]      ; hex1[6]     ; 6.115 ; 6.115 ; 6.115 ; 6.115 ;
; sw[7]      ; hex3[0]     ; 6.093 ; 6.093 ; 6.093 ; 6.093 ;
; sw[7]      ; hex3[1]     ; 6.286 ; 6.286 ; 6.286 ; 6.286 ;
; sw[7]      ; hex3[2]     ; 6.284 ; 6.284 ; 6.284 ; 6.284 ;
; sw[7]      ; hex3[3]     ; 6.080 ; 6.080 ; 6.080 ; 6.080 ;
; sw[7]      ; hex3[4]     ;       ; 6.063 ; 6.063 ;       ;
; sw[7]      ; hex3[5]     ; 6.095 ; 6.095 ; 6.095 ; 6.095 ;
; sw[7]      ; hex3[6]     ; 6.425 ; 6.425 ; 6.425 ; 6.425 ;
+------------+-------------+-------+-------+-------+-------+


+----------------------------------------------------------+
; Minimum Propagation Delay                                ;
+------------+-------------+-------+-------+-------+-------+
; Input Port ; Output Port ; RR    ; RF    ; FR    ; FF    ;
+------------+-------------+-------+-------+-------+-------+
; sw[0]      ; hex0[0]     ; 7.568 ; 7.568 ; 7.568 ; 7.568 ;
; sw[0]      ; hex0[1]     ; 7.589 ; 7.589 ; 7.589 ; 7.589 ;
; sw[0]      ; hex0[2]     ;       ; 7.896 ; 7.896 ;       ;
; sw[0]      ; hex0[3]     ; 7.916 ; 7.916 ; 7.916 ; 7.916 ;
; sw[0]      ; hex0[4]     ; 7.945 ;       ;       ; 7.945 ;
; sw[0]      ; hex0[5]     ; 7.956 ;       ;       ; 7.956 ;
; sw[0]      ; hex0[6]     ; 7.952 ; 7.952 ; 7.952 ; 7.952 ;
; sw[0]      ; hex2[0]     ; 7.942 ; 7.942 ; 7.942 ; 7.942 ;
; sw[0]      ; hex2[1]     ; 8.269 ; 8.269 ; 8.269 ; 8.269 ;
; sw[0]      ; hex2[2]     ;       ; 8.276 ; 8.276 ;       ;
; sw[0]      ; hex2[3]     ; 8.303 ; 8.303 ; 8.303 ; 8.303 ;
; sw[0]      ; hex2[4]     ; 8.294 ;       ;       ; 8.294 ;
; sw[0]      ; hex2[5]     ; 8.305 ;       ;       ; 8.305 ;
; sw[0]      ; hex2[6]     ; 8.310 ; 8.310 ; 8.310 ; 8.310 ;
; sw[1]      ; hex0[0]     ; 7.328 ; 7.328 ; 7.328 ; 7.328 ;
; sw[1]      ; hex0[1]     ; 7.359 ; 7.359 ; 7.359 ; 7.359 ;
; sw[1]      ; hex0[2]     ; 7.688 ;       ;       ; 7.688 ;
; sw[1]      ; hex0[3]     ; 7.696 ; 7.696 ; 7.696 ; 7.696 ;
; sw[1]      ; hex0[4]     ;       ; 7.715 ; 7.715 ;       ;
; sw[1]      ; hex0[5]     ; 7.717 ; 7.717 ; 7.717 ; 7.717 ;
; sw[1]      ; hex0[6]     ; 7.711 ; 7.711 ; 7.711 ; 7.711 ;
; sw[1]      ; hex2[0]     ; 7.702 ; 7.702 ; 7.702 ; 7.702 ;
; sw[1]      ; hex2[1]     ; 8.039 ; 8.039 ; 8.039 ; 8.039 ;
; sw[1]      ; hex2[2]     ; 8.068 ;       ;       ; 8.068 ;
; sw[1]      ; hex2[3]     ; 8.083 ; 8.083 ; 8.083 ; 8.083 ;
; sw[1]      ; hex2[4]     ;       ; 8.064 ; 8.064 ;       ;
; sw[1]      ; hex2[5]     ; 8.066 ; 8.066 ; 8.066 ; 8.066 ;
; sw[1]      ; hex2[6]     ; 8.069 ; 8.069 ; 8.069 ; 8.069 ;
; sw[2]      ; hex0[0]     ; 6.992 ; 6.992 ; 6.992 ; 6.992 ;
; sw[2]      ; hex0[1]     ; 7.017 ;       ;       ; 7.017 ;
; sw[2]      ; hex0[2]     ; 7.353 ; 7.353 ; 7.353 ; 7.353 ;
; sw[2]      ; hex0[3]     ; 7.349 ; 7.349 ; 7.349 ; 7.349 ;
; sw[2]      ; hex0[4]     ; 7.373 ; 7.373 ; 7.373 ; 7.373 ;
; sw[2]      ; hex0[5]     ; 7.382 ; 7.382 ; 7.382 ; 7.382 ;
; sw[2]      ; hex0[6]     ; 7.378 ; 7.378 ; 7.378 ; 7.378 ;
; sw[2]      ; hex2[0]     ; 7.366 ; 7.366 ; 7.366 ; 7.366 ;
; sw[2]      ; hex2[1]     ; 7.697 ;       ;       ; 7.697 ;
; sw[2]      ; hex2[2]     ; 7.733 ; 7.733 ; 7.733 ; 7.733 ;
; sw[2]      ; hex2[3]     ; 7.736 ; 7.736 ; 7.736 ; 7.736 ;
; sw[2]      ; hex2[4]     ; 7.722 ; 7.722 ; 7.722 ; 7.722 ;
; sw[2]      ; hex2[5]     ; 7.731 ; 7.731 ; 7.731 ; 7.731 ;
; sw[2]      ; hex2[6]     ; 7.736 ; 7.736 ; 7.736 ; 7.736 ;
; sw[3]      ; hex0[0]     ; 6.906 ; 6.906 ; 6.906 ; 6.906 ;
; sw[3]      ; hex0[1]     ; 6.928 ; 6.928 ; 6.928 ; 6.928 ;
; sw[3]      ; hex0[2]     ; 7.265 ; 7.265 ; 7.265 ; 7.265 ;
; sw[3]      ; hex0[3]     ; 7.259 ; 7.259 ; 7.259 ; 7.259 ;
; sw[3]      ; hex0[4]     ;       ; 7.284 ; 7.284 ;       ;
; sw[3]      ; hex0[5]     ; 7.296 ; 7.296 ; 7.296 ; 7.296 ;
; sw[3]      ; hex0[6]     ; 7.290 ; 7.290 ; 7.290 ; 7.290 ;
; sw[3]      ; hex2[0]     ; 7.280 ; 7.280 ; 7.280 ; 7.280 ;
; sw[3]      ; hex2[1]     ; 7.608 ; 7.608 ; 7.608 ; 7.608 ;
; sw[3]      ; hex2[2]     ; 7.645 ; 7.645 ; 7.645 ; 7.645 ;
; sw[3]      ; hex2[3]     ; 7.646 ; 7.646 ; 7.646 ; 7.646 ;
; sw[3]      ; hex2[4]     ;       ; 7.633 ; 7.633 ;       ;
; sw[3]      ; hex2[5]     ; 7.645 ; 7.645 ; 7.645 ; 7.645 ;
; sw[3]      ; hex2[6]     ; 7.648 ; 7.648 ; 7.648 ; 7.648 ;
; sw[4]      ; hex1[0]     ; 7.306 ; 7.306 ; 7.306 ; 7.306 ;
; sw[4]      ; hex1[1]     ; 7.583 ; 7.583 ; 7.583 ; 7.583 ;
; sw[4]      ; hex1[2]     ;       ; 7.569 ; 7.569 ;       ;
; sw[4]      ; hex1[3]     ; 7.615 ; 7.615 ; 7.615 ; 7.615 ;
; sw[4]      ; hex1[4]     ; 7.608 ;       ;       ; 7.608 ;
; sw[4]      ; hex1[5]     ; 7.651 ;       ;       ; 7.651 ;
; sw[4]      ; hex1[6]     ; 7.647 ; 7.647 ; 7.647 ; 7.647 ;
; sw[4]      ; hex3[0]     ; 7.633 ; 7.633 ; 7.633 ; 7.633 ;
; sw[4]      ; hex3[1]     ; 7.805 ; 7.805 ; 7.805 ; 7.805 ;
; sw[4]      ; hex3[2]     ;       ; 7.792 ; 7.792 ;       ;
; sw[4]      ; hex3[3]     ; 7.625 ; 7.625 ; 7.625 ; 7.625 ;
; sw[4]      ; hex3[4]     ; 7.587 ;       ;       ; 7.587 ;
; sw[4]      ; hex3[5]     ; 7.631 ;       ;       ; 7.631 ;
; sw[4]      ; hex3[6]     ; 7.957 ; 7.957 ; 7.957 ; 7.957 ;
; sw[5]      ; hex1[0]     ; 7.143 ; 7.143 ; 7.143 ; 7.143 ;
; sw[5]      ; hex1[1]     ; 7.483 ; 7.483 ; 7.483 ; 7.483 ;
; sw[5]      ; hex1[2]     ; 7.476 ;       ;       ; 7.476 ;
; sw[5]      ; hex1[3]     ; 7.487 ; 7.487 ; 7.487 ; 7.487 ;
; sw[5]      ; hex1[4]     ;       ; 7.502 ; 7.502 ;       ;
; sw[5]      ; hex1[5]     ; 7.532 ; 7.532 ; 7.532 ; 7.532 ;
; sw[5]      ; hex1[6]     ; 7.534 ; 7.534 ; 7.534 ; 7.534 ;
; sw[5]      ; hex3[0]     ; 7.470 ; 7.470 ; 7.470 ; 7.470 ;
; sw[5]      ; hex3[1]     ; 7.705 ; 7.705 ; 7.705 ; 7.705 ;
; sw[5]      ; hex3[2]     ; 7.699 ;       ;       ; 7.699 ;
; sw[5]      ; hex3[3]     ; 7.497 ; 7.497 ; 7.497 ; 7.497 ;
; sw[5]      ; hex3[4]     ;       ; 7.481 ; 7.481 ;       ;
; sw[5]      ; hex3[5]     ; 7.512 ; 7.512 ; 7.512 ; 7.512 ;
; sw[5]      ; hex3[6]     ; 7.844 ; 7.844 ; 7.844 ; 7.844 ;
; sw[6]      ; hex1[0]     ; 7.135 ; 7.135 ; 7.135 ; 7.135 ;
; sw[6]      ; hex1[1]     ; 7.421 ;       ;       ; 7.421 ;
; sw[6]      ; hex1[2]     ; 7.421 ; 7.421 ; 7.421 ; 7.421 ;
; sw[6]      ; hex1[3]     ; 7.439 ; 7.439 ; 7.439 ; 7.439 ;
; sw[6]      ; hex1[4]     ; 7.441 ; 7.441 ; 7.441 ; 7.441 ;
; sw[6]      ; hex1[5]     ; 7.472 ; 7.472 ; 7.472 ; 7.472 ;
; sw[6]      ; hex1[6]     ; 7.472 ; 7.472 ; 7.472 ; 7.472 ;
; sw[6]      ; hex3[0]     ; 7.462 ; 7.462 ; 7.462 ; 7.462 ;
; sw[6]      ; hex3[1]     ; 7.643 ;       ;       ; 7.643 ;
; sw[6]      ; hex3[2]     ; 7.644 ; 7.644 ; 7.644 ; 7.644 ;
; sw[6]      ; hex3[3]     ; 7.449 ; 7.449 ; 7.449 ; 7.449 ;
; sw[6]      ; hex3[4]     ; 7.420 ; 7.420 ; 7.420 ; 7.420 ;
; sw[6]      ; hex3[5]     ; 7.452 ; 7.452 ; 7.452 ; 7.452 ;
; sw[6]      ; hex3[6]     ; 7.782 ; 7.782 ; 7.782 ; 7.782 ;
; sw[7]      ; hex1[0]     ; 5.766 ; 5.766 ; 5.766 ; 5.766 ;
; sw[7]      ; hex1[1]     ; 6.064 ; 6.064 ; 6.064 ; 6.064 ;
; sw[7]      ; hex1[2]     ; 6.061 ; 6.061 ; 6.061 ; 6.061 ;
; sw[7]      ; hex1[3]     ; 6.070 ; 6.070 ; 6.070 ; 6.070 ;
; sw[7]      ; hex1[4]     ;       ; 6.084 ; 6.084 ;       ;
; sw[7]      ; hex1[5]     ; 6.115 ; 6.115 ; 6.115 ; 6.115 ;
; sw[7]      ; hex1[6]     ; 6.115 ; 6.115 ; 6.115 ; 6.115 ;
; sw[7]      ; hex3[0]     ; 6.093 ; 6.093 ; 6.093 ; 6.093 ;
; sw[7]      ; hex3[1]     ; 6.286 ; 6.286 ; 6.286 ; 6.286 ;
; sw[7]      ; hex3[2]     ; 6.284 ; 6.284 ; 6.284 ; 6.284 ;
; sw[7]      ; hex3[3]     ; 6.080 ; 6.080 ; 6.080 ; 6.080 ;
; sw[7]      ; hex3[4]     ;       ; 6.063 ; 6.063 ;       ;
; sw[7]      ; hex3[5]     ; 6.095 ; 6.095 ; 6.095 ; 6.095 ;
; sw[7]      ; hex3[6]     ; 6.425 ; 6.425 ; 6.425 ; 6.425 ;
+------------+-------------+-------+-------+-------+-------+


----------------------------
; Fast Model Setup Summary ;
----------------------------
No paths to report.


---------------------------
; Fast Model Hold Summary ;
---------------------------
No paths to report.


-------------------------------
; Fast Model Recovery Summary ;
-------------------------------
No paths to report.


------------------------------
; Fast Model Removal Summary ;
------------------------------
No paths to report.


------------------------------------------
; Fast Model Minimum Pulse Width Summary ;
------------------------------------------
No paths to report.


+----------------------------------------------------------+
; Propagation Delay                                        ;
+------------+-------------+-------+-------+-------+-------+
; Input Port ; Output Port ; RR    ; RF    ; FR    ; FF    ;
+------------+-------------+-------+-------+-------+-------+
; sw[0]      ; hex0[0]     ; 3.446 ; 3.446 ; 3.446 ; 3.446 ;
; sw[0]      ; hex0[1]     ; 3.470 ; 3.470 ; 3.470 ; 3.470 ;
; sw[0]      ; hex0[2]     ;       ; 3.597 ; 3.597 ;       ;
; sw[0]      ; hex0[3]     ; 3.593 ; 3.593 ; 3.593 ; 3.593 ;
; sw[0]      ; hex0[4]     ; 3.616 ;       ;       ; 3.616 ;
; sw[0]      ; hex0[5]     ; 3.629 ;       ;       ; 3.629 ;
; sw[0]      ; hex0[6]     ; 3.622 ; 3.622 ; 3.622 ; 3.622 ;
; sw[0]      ; hex2[0]     ; 3.606 ; 3.606 ; 3.606 ; 3.606 ;
; sw[0]      ; hex2[1]     ; 3.728 ; 3.728 ; 3.728 ; 3.728 ;
; sw[0]      ; hex2[2]     ;       ; 3.767 ; 3.767 ;       ;
; sw[0]      ; hex2[3]     ; 3.770 ; 3.770 ; 3.770 ; 3.770 ;
; sw[0]      ; hex2[4]     ; 3.755 ;       ;       ; 3.755 ;
; sw[0]      ; hex2[5]     ; 3.765 ;       ;       ; 3.765 ;
; sw[0]      ; hex2[6]     ; 3.770 ; 3.770 ; 3.770 ; 3.770 ;
; sw[1]      ; hex0[0]     ; 3.350 ; 3.350 ; 3.350 ; 3.350 ;
; sw[1]      ; hex0[1]     ; 3.382 ; 3.382 ; 3.382 ; 3.382 ;
; sw[1]      ; hex0[2]     ; 3.502 ;       ;       ; 3.502 ;
; sw[1]      ; hex0[3]     ; 3.508 ; 3.508 ; 3.508 ; 3.508 ;
; sw[1]      ; hex0[4]     ;       ; 3.530 ; 3.530 ;       ;
; sw[1]      ; hex0[5]     ; 3.530 ; 3.530 ; 3.530 ; 3.530 ;
; sw[1]      ; hex0[6]     ; 3.523 ; 3.523 ; 3.523 ; 3.523 ;
; sw[1]      ; hex2[0]     ; 3.510 ; 3.510 ; 3.510 ; 3.510 ;
; sw[1]      ; hex2[1]     ; 3.640 ; 3.640 ; 3.640 ; 3.640 ;
; sw[1]      ; hex2[2]     ; 3.672 ;       ;       ; 3.672 ;
; sw[1]      ; hex2[3]     ; 3.685 ; 3.685 ; 3.685 ; 3.685 ;
; sw[1]      ; hex2[4]     ;       ; 3.669 ; 3.669 ;       ;
; sw[1]      ; hex2[5]     ; 3.666 ; 3.666 ; 3.666 ; 3.666 ;
; sw[1]      ; hex2[6]     ; 3.671 ; 3.671 ; 3.671 ; 3.671 ;
; sw[2]      ; hex0[0]     ; 3.260 ; 3.260 ; 3.260 ; 3.260 ;
; sw[2]      ; hex0[1]     ; 3.285 ;       ;       ; 3.285 ;
; sw[2]      ; hex0[2]     ; 3.411 ; 3.411 ; 3.411 ; 3.411 ;
; sw[2]      ; hex0[3]     ; 3.408 ; 3.408 ; 3.408 ; 3.408 ;
; sw[2]      ; hex0[4]     ; 3.431 ; 3.431 ; 3.431 ; 3.431 ;
; sw[2]      ; hex0[5]     ; 3.439 ; 3.439 ; 3.439 ; 3.439 ;
; sw[2]      ; hex0[6]     ; 3.436 ; 3.436 ; 3.436 ; 3.436 ;
; sw[2]      ; hex2[0]     ; 3.420 ; 3.420 ; 3.420 ; 3.420 ;
; sw[2]      ; hex2[1]     ; 3.543 ;       ;       ; 3.543 ;
; sw[2]      ; hex2[2]     ; 3.581 ; 3.581 ; 3.581 ; 3.581 ;
; sw[2]      ; hex2[3]     ; 3.585 ; 3.585 ; 3.585 ; 3.585 ;
; sw[2]      ; hex2[4]     ; 3.570 ; 3.570 ; 3.570 ; 3.570 ;
; sw[2]      ; hex2[5]     ; 3.575 ; 3.575 ; 3.575 ; 3.575 ;
; sw[2]      ; hex2[6]     ; 3.584 ; 3.584 ; 3.584 ; 3.584 ;
; sw[3]      ; hex0[0]     ; 3.295 ; 3.295 ; 3.295 ; 3.295 ;
; sw[3]      ; hex0[1]     ; 3.318 ; 3.318 ; 3.318 ; 3.318 ;
; sw[3]      ; hex0[2]     ; 3.448 ; 3.448 ; 3.448 ; 3.448 ;
; sw[3]      ; hex0[3]     ; 3.440 ; 3.440 ; 3.440 ; 3.440 ;
; sw[3]      ; hex0[4]     ;       ; 3.464 ; 3.464 ;       ;
; sw[3]      ; hex0[5]     ; 3.474 ; 3.474 ; 3.474 ; 3.474 ;
; sw[3]      ; hex0[6]     ; 3.470 ; 3.470 ; 3.470 ; 3.470 ;
; sw[3]      ; hex2[0]     ; 3.455 ; 3.455 ; 3.455 ; 3.455 ;
; sw[3]      ; hex2[1]     ; 3.576 ; 3.576 ; 3.576 ; 3.576 ;
; sw[3]      ; hex2[2]     ; 3.618 ; 3.618 ; 3.618 ; 3.618 ;
; sw[3]      ; hex2[3]     ; 3.617 ; 3.617 ; 3.617 ; 3.617 ;
; sw[3]      ; hex2[4]     ;       ; 3.603 ; 3.603 ;       ;
; sw[3]      ; hex2[5]     ; 3.610 ; 3.610 ; 3.610 ; 3.610 ;
; sw[3]      ; hex2[6]     ; 3.618 ; 3.618 ; 3.618 ; 3.618 ;
; sw[4]      ; hex1[0]     ; 3.445 ; 3.445 ; 3.445 ; 3.445 ;
; sw[4]      ; hex1[1]     ; 3.511 ; 3.511 ; 3.511 ; 3.511 ;
; sw[4]      ; hex1[2]     ;       ; 3.519 ; 3.519 ;       ;
; sw[4]      ; hex1[3]     ; 3.536 ; 3.536 ; 3.536 ; 3.536 ;
; sw[4]      ; hex1[4]     ; 3.536 ;       ;       ; 3.536 ;
; sw[4]      ; hex1[5]     ; 3.576 ;       ;       ; 3.576 ;
; sw[4]      ; hex1[6]     ; 3.568 ; 3.568 ; 3.568 ; 3.568 ;
; sw[4]      ; hex3[0]     ; 3.559 ; 3.559 ; 3.559 ; 3.559 ;
; sw[4]      ; hex3[1]     ; 3.688 ; 3.688 ; 3.688 ; 3.688 ;
; sw[4]      ; hex3[2]     ;       ; 3.696 ; 3.696 ;       ;
; sw[4]      ; hex3[3]     ; 3.546 ; 3.546 ; 3.546 ; 3.546 ;
; sw[4]      ; hex3[4]     ; 3.516 ;       ;       ; 3.516 ;
; sw[4]      ; hex3[5]     ; 3.556 ;       ;       ; 3.556 ;
; sw[4]      ; hex3[6]     ; 3.678 ; 3.678 ; 3.678 ; 3.678 ;
; sw[5]      ; hex1[0]     ; 3.345 ; 3.345 ; 3.345 ; 3.345 ;
; sw[5]      ; hex1[1]     ; 3.433 ; 3.433 ; 3.433 ; 3.433 ;
; sw[5]      ; hex1[2]     ; 3.432 ;       ;       ; 3.432 ;
; sw[5]      ; hex1[3]     ; 3.444 ; 3.444 ; 3.444 ; 3.444 ;
; sw[5]      ; hex1[4]     ;       ; 3.453 ; 3.453 ;       ;
; sw[5]      ; hex1[5]     ; 3.485 ; 3.485 ; 3.485 ; 3.485 ;
; sw[5]      ; hex1[6]     ; 3.485 ; 3.485 ; 3.485 ; 3.485 ;
; sw[5]      ; hex3[0]     ; 3.459 ; 3.459 ; 3.459 ; 3.459 ;
; sw[5]      ; hex3[1]     ; 3.610 ; 3.610 ; 3.610 ; 3.610 ;
; sw[5]      ; hex3[2]     ; 3.609 ;       ;       ; 3.609 ;
; sw[5]      ; hex3[3]     ; 3.454 ; 3.454 ; 3.454 ; 3.454 ;
; sw[5]      ; hex3[4]     ;       ; 3.433 ; 3.433 ;       ;
; sw[5]      ; hex3[5]     ; 3.465 ; 3.465 ; 3.465 ; 3.465 ;
; sw[5]      ; hex3[6]     ; 3.595 ; 3.595 ; 3.595 ; 3.595 ;
; sw[6]      ; hex1[0]     ; 3.373 ; 3.373 ; 3.373 ; 3.373 ;
; sw[6]      ; hex1[1]     ; 3.452 ;       ;       ; 3.452 ;
; sw[6]      ; hex1[2]     ; 3.455 ; 3.455 ; 3.455 ; 3.455 ;
; sw[6]      ; hex1[3]     ; 3.466 ; 3.466 ; 3.466 ; 3.466 ;
; sw[6]      ; hex1[4]     ; 3.472 ; 3.472 ; 3.472 ; 3.472 ;
; sw[6]      ; hex1[5]     ; 3.506 ; 3.506 ; 3.506 ; 3.506 ;
; sw[6]      ; hex1[6]     ; 3.504 ; 3.504 ; 3.504 ; 3.504 ;
; sw[6]      ; hex3[0]     ; 3.487 ; 3.487 ; 3.487 ; 3.487 ;
; sw[6]      ; hex3[1]     ; 3.629 ;       ;       ; 3.629 ;
; sw[6]      ; hex3[2]     ; 3.632 ; 3.632 ; 3.632 ; 3.632 ;
; sw[6]      ; hex3[3]     ; 3.476 ; 3.476 ; 3.476 ; 3.476 ;
; sw[6]      ; hex3[4]     ; 3.452 ; 3.452 ; 3.452 ; 3.452 ;
; sw[6]      ; hex3[5]     ; 3.486 ; 3.486 ; 3.486 ; 3.486 ;
; sw[6]      ; hex3[6]     ; 3.614 ; 3.614 ; 3.614 ; 3.614 ;
; sw[7]      ; hex1[0]     ; 2.795 ; 2.795 ; 2.795 ; 2.795 ;
; sw[7]      ; hex1[1]     ; 2.883 ; 2.883 ; 2.883 ; 2.883 ;
; sw[7]      ; hex1[2]     ; 2.881 ; 2.881 ; 2.881 ; 2.881 ;
; sw[7]      ; hex1[3]     ; 2.888 ; 2.888 ; 2.888 ; 2.888 ;
; sw[7]      ; hex1[4]     ;       ; 2.903 ; 2.903 ;       ;
; sw[7]      ; hex1[5]     ; 2.935 ; 2.935 ; 2.935 ; 2.935 ;
; sw[7]      ; hex1[6]     ; 2.935 ; 2.935 ; 2.935 ; 2.935 ;
; sw[7]      ; hex3[0]     ; 2.909 ; 2.909 ; 2.909 ; 2.909 ;
; sw[7]      ; hex3[1]     ; 3.060 ; 3.060 ; 3.060 ; 3.060 ;
; sw[7]      ; hex3[2]     ; 3.058 ; 3.058 ; 3.058 ; 3.058 ;
; sw[7]      ; hex3[3]     ; 2.898 ; 2.898 ; 2.898 ; 2.898 ;
; sw[7]      ; hex3[4]     ;       ; 2.883 ; 2.883 ;       ;
; sw[7]      ; hex3[5]     ; 2.915 ; 2.915 ; 2.915 ; 2.915 ;
; sw[7]      ; hex3[6]     ; 3.045 ; 3.045 ; 3.045 ; 3.045 ;
+------------+-------------+-------+-------+-------+-------+


+----------------------------------------------------------+
; Minimum Propagation Delay                                ;
+------------+-------------+-------+-------+-------+-------+
; Input Port ; Output Port ; RR    ; RF    ; FR    ; FF    ;
+------------+-------------+-------+-------+-------+-------+
; sw[0]      ; hex0[0]     ; 3.446 ; 3.446 ; 3.446 ; 3.446 ;
; sw[0]      ; hex0[1]     ; 3.470 ; 3.470 ; 3.470 ; 3.470 ;
; sw[0]      ; hex0[2]     ;       ; 3.597 ; 3.597 ;       ;
; sw[0]      ; hex0[3]     ; 3.593 ; 3.593 ; 3.593 ; 3.593 ;
; sw[0]      ; hex0[4]     ; 3.616 ;       ;       ; 3.616 ;
; sw[0]      ; hex0[5]     ; 3.629 ;       ;       ; 3.629 ;
; sw[0]      ; hex0[6]     ; 3.622 ; 3.622 ; 3.622 ; 3.622 ;
; sw[0]      ; hex2[0]     ; 3.606 ; 3.606 ; 3.606 ; 3.606 ;
; sw[0]      ; hex2[1]     ; 3.728 ; 3.728 ; 3.728 ; 3.728 ;
; sw[0]      ; hex2[2]     ;       ; 3.767 ; 3.767 ;       ;
; sw[0]      ; hex2[3]     ; 3.770 ; 3.770 ; 3.770 ; 3.770 ;
; sw[0]      ; hex2[4]     ; 3.755 ;       ;       ; 3.755 ;
; sw[0]      ; hex2[5]     ; 3.765 ;       ;       ; 3.765 ;
; sw[0]      ; hex2[6]     ; 3.770 ; 3.770 ; 3.770 ; 3.770 ;
; sw[1]      ; hex0[0]     ; 3.350 ; 3.350 ; 3.350 ; 3.350 ;
; sw[1]      ; hex0[1]     ; 3.382 ; 3.382 ; 3.382 ; 3.382 ;
; sw[1]      ; hex0[2]     ; 3.502 ;       ;       ; 3.502 ;
; sw[1]      ; hex0[3]     ; 3.508 ; 3.508 ; 3.508 ; 3.508 ;
; sw[1]      ; hex0[4]     ;       ; 3.530 ; 3.530 ;       ;
; sw[1]      ; hex0[5]     ; 3.530 ; 3.530 ; 3.530 ; 3.530 ;
; sw[1]      ; hex0[6]     ; 3.523 ; 3.523 ; 3.523 ; 3.523 ;
; sw[1]      ; hex2[0]     ; 3.510 ; 3.510 ; 3.510 ; 3.510 ;
; sw[1]      ; hex2[1]     ; 3.640 ; 3.640 ; 3.640 ; 3.640 ;
; sw[1]      ; hex2[2]     ; 3.672 ;       ;       ; 3.672 ;
; sw[1]      ; hex2[3]     ; 3.685 ; 3.685 ; 3.685 ; 3.685 ;
; sw[1]      ; hex2[4]     ;       ; 3.669 ; 3.669 ;       ;
; sw[1]      ; hex2[5]     ; 3.666 ; 3.666 ; 3.666 ; 3.666 ;
; sw[1]      ; hex2[6]     ; 3.671 ; 3.671 ; 3.671 ; 3.671 ;
; sw[2]      ; hex0[0]     ; 3.260 ; 3.260 ; 3.260 ; 3.260 ;
; sw[2]      ; hex0[1]     ; 3.285 ;       ;       ; 3.285 ;
; sw[2]      ; hex0[2]     ; 3.411 ; 3.411 ; 3.411 ; 3.411 ;
; sw[2]      ; hex0[3]     ; 3.408 ; 3.408 ; 3.408 ; 3.408 ;
; sw[2]      ; hex0[4]     ; 3.431 ; 3.431 ; 3.431 ; 3.431 ;
; sw[2]      ; hex0[5]     ; 3.439 ; 3.439 ; 3.439 ; 3.439 ;
; sw[2]      ; hex0[6]     ; 3.436 ; 3.436 ; 3.436 ; 3.436 ;
; sw[2]      ; hex2[0]     ; 3.420 ; 3.420 ; 3.420 ; 3.420 ;
; sw[2]      ; hex2[1]     ; 3.543 ;       ;       ; 3.543 ;
; sw[2]      ; hex2[2]     ; 3.581 ; 3.581 ; 3.581 ; 3.581 ;
; sw[2]      ; hex2[3]     ; 3.585 ; 3.585 ; 3.585 ; 3.585 ;
; sw[2]      ; hex2[4]     ; 3.570 ; 3.570 ; 3.570 ; 3.570 ;
; sw[2]      ; hex2[5]     ; 3.575 ; 3.575 ; 3.575 ; 3.575 ;
; sw[2]      ; hex2[6]     ; 3.584 ; 3.584 ; 3.584 ; 3.584 ;
; sw[3]      ; hex0[0]     ; 3.295 ; 3.295 ; 3.295 ; 3.295 ;
; sw[3]      ; hex0[1]     ; 3.318 ; 3.318 ; 3.318 ; 3.318 ;
; sw[3]      ; hex0[2]     ; 3.448 ; 3.448 ; 3.448 ; 3.448 ;
; sw[3]      ; hex0[3]     ; 3.440 ; 3.440 ; 3.440 ; 3.440 ;
; sw[3]      ; hex0[4]     ;       ; 3.464 ; 3.464 ;       ;
; sw[3]      ; hex0[5]     ; 3.474 ; 3.474 ; 3.474 ; 3.474 ;
; sw[3]      ; hex0[6]     ; 3.470 ; 3.470 ; 3.470 ; 3.470 ;
; sw[3]      ; hex2[0]     ; 3.455 ; 3.455 ; 3.455 ; 3.455 ;
; sw[3]      ; hex2[1]     ; 3.576 ; 3.576 ; 3.576 ; 3.576 ;
; sw[3]      ; hex2[2]     ; 3.618 ; 3.618 ; 3.618 ; 3.618 ;
; sw[3]      ; hex2[3]     ; 3.617 ; 3.617 ; 3.617 ; 3.617 ;
; sw[3]      ; hex2[4]     ;       ; 3.603 ; 3.603 ;       ;
; sw[3]      ; hex2[5]     ; 3.610 ; 3.610 ; 3.610 ; 3.610 ;
; sw[3]      ; hex2[6]     ; 3.618 ; 3.618 ; 3.618 ; 3.618 ;
; sw[4]      ; hex1[0]     ; 3.445 ; 3.445 ; 3.445 ; 3.445 ;
; sw[4]      ; hex1[1]     ; 3.511 ; 3.511 ; 3.511 ; 3.511 ;
; sw[4]      ; hex1[2]     ;       ; 3.519 ; 3.519 ;       ;
; sw[4]      ; hex1[3]     ; 3.536 ; 3.536 ; 3.536 ; 3.536 ;
; sw[4]      ; hex1[4]     ; 3.536 ;       ;       ; 3.536 ;
; sw[4]      ; hex1[5]     ; 3.576 ;       ;       ; 3.576 ;
; sw[4]      ; hex1[6]     ; 3.568 ; 3.568 ; 3.568 ; 3.568 ;
; sw[4]      ; hex3[0]     ; 3.559 ; 3.559 ; 3.559 ; 3.559 ;
; sw[4]      ; hex3[1]     ; 3.688 ; 3.688 ; 3.688 ; 3.688 ;
; sw[4]      ; hex3[2]     ;       ; 3.696 ; 3.696 ;       ;
; sw[4]      ; hex3[3]     ; 3.546 ; 3.546 ; 3.546 ; 3.546 ;
; sw[4]      ; hex3[4]     ; 3.516 ;       ;       ; 3.516 ;
; sw[4]      ; hex3[5]     ; 3.556 ;       ;       ; 3.556 ;
; sw[4]      ; hex3[6]     ; 3.678 ; 3.678 ; 3.678 ; 3.678 ;
; sw[5]      ; hex1[0]     ; 3.345 ; 3.345 ; 3.345 ; 3.345 ;
; sw[5]      ; hex1[1]     ; 3.433 ; 3.433 ; 3.433 ; 3.433 ;
; sw[5]      ; hex1[2]     ; 3.432 ;       ;       ; 3.432 ;
; sw[5]      ; hex1[3]     ; 3.444 ; 3.444 ; 3.444 ; 3.444 ;
; sw[5]      ; hex1[4]     ;       ; 3.453 ; 3.453 ;       ;
; sw[5]      ; hex1[5]     ; 3.485 ; 3.485 ; 3.485 ; 3.485 ;
; sw[5]      ; hex1[6]     ; 3.485 ; 3.485 ; 3.485 ; 3.485 ;
; sw[5]      ; hex3[0]     ; 3.459 ; 3.459 ; 3.459 ; 3.459 ;
; sw[5]      ; hex3[1]     ; 3.610 ; 3.610 ; 3.610 ; 3.610 ;
; sw[5]      ; hex3[2]     ; 3.609 ;       ;       ; 3.609 ;
; sw[5]      ; hex3[3]     ; 3.454 ; 3.454 ; 3.454 ; 3.454 ;
; sw[5]      ; hex3[4]     ;       ; 3.433 ; 3.433 ;       ;
; sw[5]      ; hex3[5]     ; 3.465 ; 3.465 ; 3.465 ; 3.465 ;
; sw[5]      ; hex3[6]     ; 3.595 ; 3.595 ; 3.595 ; 3.595 ;
; sw[6]      ; hex1[0]     ; 3.373 ; 3.373 ; 3.373 ; 3.373 ;
; sw[6]      ; hex1[1]     ; 3.452 ;       ;       ; 3.452 ;
; sw[6]      ; hex1[2]     ; 3.455 ; 3.455 ; 3.455 ; 3.455 ;
; sw[6]      ; hex1[3]     ; 3.466 ; 3.466 ; 3.466 ; 3.466 ;
; sw[6]      ; hex1[4]     ; 3.472 ; 3.472 ; 3.472 ; 3.472 ;
; sw[6]      ; hex1[5]     ; 3.506 ; 3.506 ; 3.506 ; 3.506 ;
; sw[6]      ; hex1[6]     ; 3.504 ; 3.504 ; 3.504 ; 3.504 ;
; sw[6]      ; hex3[0]     ; 3.487 ; 3.487 ; 3.487 ; 3.487 ;
; sw[6]      ; hex3[1]     ; 3.629 ;       ;       ; 3.629 ;
; sw[6]      ; hex3[2]     ; 3.632 ; 3.632 ; 3.632 ; 3.632 ;
; sw[6]      ; hex3[3]     ; 3.476 ; 3.476 ; 3.476 ; 3.476 ;
; sw[6]      ; hex3[4]     ; 3.452 ; 3.452 ; 3.452 ; 3.452 ;
; sw[6]      ; hex3[5]     ; 3.486 ; 3.486 ; 3.486 ; 3.486 ;
; sw[6]      ; hex3[6]     ; 3.614 ; 3.614 ; 3.614 ; 3.614 ;
; sw[7]      ; hex1[0]     ; 2.795 ; 2.795 ; 2.795 ; 2.795 ;
; sw[7]      ; hex1[1]     ; 2.883 ; 2.883 ; 2.883 ; 2.883 ;
; sw[7]      ; hex1[2]     ; 2.881 ; 2.881 ; 2.881 ; 2.881 ;
; sw[7]      ; hex1[3]     ; 2.888 ; 2.888 ; 2.888 ; 2.888 ;
; sw[7]      ; hex1[4]     ;       ; 2.903 ; 2.903 ;       ;
; sw[7]      ; hex1[5]     ; 2.935 ; 2.935 ; 2.935 ; 2.935 ;
; sw[7]      ; hex1[6]     ; 2.935 ; 2.935 ; 2.935 ; 2.935 ;
; sw[7]      ; hex3[0]     ; 2.909 ; 2.909 ; 2.909 ; 2.909 ;
; sw[7]      ; hex3[1]     ; 3.060 ; 3.060 ; 3.060 ; 3.060 ;
; sw[7]      ; hex3[2]     ; 3.058 ; 3.058 ; 3.058 ; 3.058 ;
; sw[7]      ; hex3[3]     ; 2.898 ; 2.898 ; 2.898 ; 2.898 ;
; sw[7]      ; hex3[4]     ;       ; 2.883 ; 2.883 ;       ;
; sw[7]      ; hex3[5]     ; 2.915 ; 2.915 ; 2.915 ; 2.915 ;
; sw[7]      ; hex3[6]     ; 3.045 ; 3.045 ; 3.045 ; 3.045 ;
+------------+-------------+-------+-------+-------+-------+


+----------------------------------------------------------------------------+
; Multicorner Timing Analysis Summary                                        ;
+------------------+-------+------+----------+---------+---------------------+
; Clock            ; Setup ; Hold ; Recovery ; Removal ; Minimum Pulse Width ;
+------------------+-------+------+----------+---------+---------------------+
; Worst-case Slack ; N/A   ; N/A  ; N/A      ; N/A     ; N/A                 ;
; Design-wide TNS  ; 0.0   ; 0.0  ; 0.0      ; 0.0     ; 0.0                 ;
+------------------+-------+------+----------+---------+---------------------+


+----------------------------------------------------------+
; Progagation Delay                                        ;
+------------+-------------+-------+-------+-------+-------+
; Input Port ; Output Port ; RR    ; RF    ; FR    ; FF    ;
+------------+-------------+-------+-------+-------+-------+
; sw[0]      ; hex0[0]     ; 7.568 ; 7.568 ; 7.568 ; 7.568 ;
; sw[0]      ; hex0[1]     ; 7.589 ; 7.589 ; 7.589 ; 7.589 ;
; sw[0]      ; hex0[2]     ;       ; 7.896 ; 7.896 ;       ;
; sw[0]      ; hex0[3]     ; 7.916 ; 7.916 ; 7.916 ; 7.916 ;
; sw[0]      ; hex0[4]     ; 7.945 ;       ;       ; 7.945 ;
; sw[0]      ; hex0[5]     ; 7.956 ;       ;       ; 7.956 ;
; sw[0]      ; hex0[6]     ; 7.952 ; 7.952 ; 7.952 ; 7.952 ;
; sw[0]      ; hex2[0]     ; 7.942 ; 7.942 ; 7.942 ; 7.942 ;
; sw[0]      ; hex2[1]     ; 8.269 ; 8.269 ; 8.269 ; 8.269 ;
; sw[0]      ; hex2[2]     ;       ; 8.276 ; 8.276 ;       ;
; sw[0]      ; hex2[3]     ; 8.303 ; 8.303 ; 8.303 ; 8.303 ;
; sw[0]      ; hex2[4]     ; 8.294 ;       ;       ; 8.294 ;
; sw[0]      ; hex2[5]     ; 8.305 ;       ;       ; 8.305 ;
; sw[0]      ; hex2[6]     ; 8.310 ; 8.310 ; 8.310 ; 8.310 ;
; sw[1]      ; hex0[0]     ; 7.328 ; 7.328 ; 7.328 ; 7.328 ;
; sw[1]      ; hex0[1]     ; 7.359 ; 7.359 ; 7.359 ; 7.359 ;
; sw[1]      ; hex0[2]     ; 7.688 ;       ;       ; 7.688 ;
; sw[1]      ; hex0[3]     ; 7.696 ; 7.696 ; 7.696 ; 7.696 ;
; sw[1]      ; hex0[4]     ;       ; 7.715 ; 7.715 ;       ;
; sw[1]      ; hex0[5]     ; 7.717 ; 7.717 ; 7.717 ; 7.717 ;
; sw[1]      ; hex0[6]     ; 7.711 ; 7.711 ; 7.711 ; 7.711 ;
; sw[1]      ; hex2[0]     ; 7.702 ; 7.702 ; 7.702 ; 7.702 ;
; sw[1]      ; hex2[1]     ; 8.039 ; 8.039 ; 8.039 ; 8.039 ;
; sw[1]      ; hex2[2]     ; 8.068 ;       ;       ; 8.068 ;
; sw[1]      ; hex2[3]     ; 8.083 ; 8.083 ; 8.083 ; 8.083 ;
; sw[1]      ; hex2[4]     ;       ; 8.064 ; 8.064 ;       ;
; sw[1]      ; hex2[5]     ; 8.066 ; 8.066 ; 8.066 ; 8.066 ;
; sw[1]      ; hex2[6]     ; 8.069 ; 8.069 ; 8.069 ; 8.069 ;
; sw[2]      ; hex0[0]     ; 6.992 ; 6.992 ; 6.992 ; 6.992 ;
; sw[2]      ; hex0[1]     ; 7.017 ;       ;       ; 7.017 ;
; sw[2]      ; hex0[2]     ; 7.353 ; 7.353 ; 7.353 ; 7.353 ;
; sw[2]      ; hex0[3]     ; 7.349 ; 7.349 ; 7.349 ; 7.349 ;
; sw[2]      ; hex0[4]     ; 7.373 ; 7.373 ; 7.373 ; 7.373 ;
; sw[2]      ; hex0[5]     ; 7.382 ; 7.382 ; 7.382 ; 7.382 ;
; sw[2]      ; hex0[6]     ; 7.378 ; 7.378 ; 7.378 ; 7.378 ;
; sw[2]      ; hex2[0]     ; 7.366 ; 7.366 ; 7.366 ; 7.366 ;
; sw[2]      ; hex2[1]     ; 7.697 ;       ;       ; 7.697 ;
; sw[2]      ; hex2[2]     ; 7.733 ; 7.733 ; 7.733 ; 7.733 ;
; sw[2]      ; hex2[3]     ; 7.736 ; 7.736 ; 7.736 ; 7.736 ;
; sw[2]      ; hex2[4]     ; 7.722 ; 7.722 ; 7.722 ; 7.722 ;
; sw[2]      ; hex2[5]     ; 7.731 ; 7.731 ; 7.731 ; 7.731 ;
; sw[2]      ; hex2[6]     ; 7.736 ; 7.736 ; 7.736 ; 7.736 ;
; sw[3]      ; hex0[0]     ; 6.906 ; 6.906 ; 6.906 ; 6.906 ;
; sw[3]      ; hex0[1]     ; 6.928 ; 6.928 ; 6.928 ; 6.928 ;
; sw[3]      ; hex0[2]     ; 7.265 ; 7.265 ; 7.265 ; 7.265 ;
; sw[3]      ; hex0[3]     ; 7.259 ; 7.259 ; 7.259 ; 7.259 ;
; sw[3]      ; hex0[4]     ;       ; 7.284 ; 7.284 ;       ;
; sw[3]      ; hex0[5]     ; 7.296 ; 7.296 ; 7.296 ; 7.296 ;
; sw[3]      ; hex0[6]     ; 7.290 ; 7.290 ; 7.290 ; 7.290 ;
; sw[3]      ; hex2[0]     ; 7.280 ; 7.280 ; 7.280 ; 7.280 ;
; sw[3]      ; hex2[1]     ; 7.608 ; 7.608 ; 7.608 ; 7.608 ;
; sw[3]      ; hex2[2]     ; 7.645 ; 7.645 ; 7.645 ; 7.645 ;
; sw[3]      ; hex2[3]     ; 7.646 ; 7.646 ; 7.646 ; 7.646 ;
; sw[3]      ; hex2[4]     ;       ; 7.633 ; 7.633 ;       ;
; sw[3]      ; hex2[5]     ; 7.645 ; 7.645 ; 7.645 ; 7.645 ;
; sw[3]      ; hex2[6]     ; 7.648 ; 7.648 ; 7.648 ; 7.648 ;
; sw[4]      ; hex1[0]     ; 7.306 ; 7.306 ; 7.306 ; 7.306 ;
; sw[4]      ; hex1[1]     ; 7.583 ; 7.583 ; 7.583 ; 7.583 ;
; sw[4]      ; hex1[2]     ;       ; 7.569 ; 7.569 ;       ;
; sw[4]      ; hex1[3]     ; 7.615 ; 7.615 ; 7.615 ; 7.615 ;
; sw[4]      ; hex1[4]     ; 7.608 ;       ;       ; 7.608 ;
; sw[4]      ; hex1[5]     ; 7.651 ;       ;       ; 7.651 ;
; sw[4]      ; hex1[6]     ; 7.647 ; 7.647 ; 7.647 ; 7.647 ;
; sw[4]      ; hex3[0]     ; 7.633 ; 7.633 ; 7.633 ; 7.633 ;
; sw[4]      ; hex3[1]     ; 7.805 ; 7.805 ; 7.805 ; 7.805 ;
; sw[4]      ; hex3[2]     ;       ; 7.792 ; 7.792 ;       ;
; sw[4]      ; hex3[3]     ; 7.625 ; 7.625 ; 7.625 ; 7.625 ;
; sw[4]      ; hex3[4]     ; 7.587 ;       ;       ; 7.587 ;
; sw[4]      ; hex3[5]     ; 7.631 ;       ;       ; 7.631 ;
; sw[4]      ; hex3[6]     ; 7.957 ; 7.957 ; 7.957 ; 7.957 ;
; sw[5]      ; hex1[0]     ; 7.143 ; 7.143 ; 7.143 ; 7.143 ;
; sw[5]      ; hex1[1]     ; 7.483 ; 7.483 ; 7.483 ; 7.483 ;
; sw[5]      ; hex1[2]     ; 7.476 ;       ;       ; 7.476 ;
; sw[5]      ; hex1[3]     ; 7.487 ; 7.487 ; 7.487 ; 7.487 ;
; sw[5]      ; hex1[4]     ;       ; 7.502 ; 7.502 ;       ;
; sw[5]      ; hex1[5]     ; 7.532 ; 7.532 ; 7.532 ; 7.532 ;
; sw[5]      ; hex1[6]     ; 7.534 ; 7.534 ; 7.534 ; 7.534 ;
; sw[5]      ; hex3[0]     ; 7.470 ; 7.470 ; 7.470 ; 7.470 ;
; sw[5]      ; hex3[1]     ; 7.705 ; 7.705 ; 7.705 ; 7.705 ;
; sw[5]      ; hex3[2]     ; 7.699 ;       ;       ; 7.699 ;
; sw[5]      ; hex3[3]     ; 7.497 ; 7.497 ; 7.497 ; 7.497 ;
; sw[5]      ; hex3[4]     ;       ; 7.481 ; 7.481 ;       ;
; sw[5]      ; hex3[5]     ; 7.512 ; 7.512 ; 7.512 ; 7.512 ;
; sw[5]      ; hex3[6]     ; 7.844 ; 7.844 ; 7.844 ; 7.844 ;
; sw[6]      ; hex1[0]     ; 7.135 ; 7.135 ; 7.135 ; 7.135 ;
; sw[6]      ; hex1[1]     ; 7.421 ;       ;       ; 7.421 ;
; sw[6]      ; hex1[2]     ; 7.421 ; 7.421 ; 7.421 ; 7.421 ;
; sw[6]      ; hex1[3]     ; 7.439 ; 7.439 ; 7.439 ; 7.439 ;
; sw[6]      ; hex1[4]     ; 7.441 ; 7.441 ; 7.441 ; 7.441 ;
; sw[6]      ; hex1[5]     ; 7.472 ; 7.472 ; 7.472 ; 7.472 ;
; sw[6]      ; hex1[6]     ; 7.472 ; 7.472 ; 7.472 ; 7.472 ;
; sw[6]      ; hex3[0]     ; 7.462 ; 7.462 ; 7.462 ; 7.462 ;
; sw[6]      ; hex3[1]     ; 7.643 ;       ;       ; 7.643 ;
; sw[6]      ; hex3[2]     ; 7.644 ; 7.644 ; 7.644 ; 7.644 ;
; sw[6]      ; hex3[3]     ; 7.449 ; 7.449 ; 7.449 ; 7.449 ;
; sw[6]      ; hex3[4]     ; 7.420 ; 7.420 ; 7.420 ; 7.420 ;
; sw[6]      ; hex3[5]     ; 7.452 ; 7.452 ; 7.452 ; 7.452 ;
; sw[6]      ; hex3[6]     ; 7.782 ; 7.782 ; 7.782 ; 7.782 ;
; sw[7]      ; hex1[0]     ; 5.766 ; 5.766 ; 5.766 ; 5.766 ;
; sw[7]      ; hex1[1]     ; 6.064 ; 6.064 ; 6.064 ; 6.064 ;
; sw[7]      ; hex1[2]     ; 6.061 ; 6.061 ; 6.061 ; 6.061 ;
; sw[7]      ; hex1[3]     ; 6.070 ; 6.070 ; 6.070 ; 6.070 ;
; sw[7]      ; hex1[4]     ;       ; 6.084 ; 6.084 ;       ;
; sw[7]      ; hex1[5]     ; 6.115 ; 6.115 ; 6.115 ; 6.115 ;
; sw[7]      ; hex1[6]     ; 6.115 ; 6.115 ; 6.115 ; 6.115 ;
; sw[7]      ; hex3[0]     ; 6.093 ; 6.093 ; 6.093 ; 6.093 ;
; sw[7]      ; hex3[1]     ; 6.286 ; 6.286 ; 6.286 ; 6.286 ;
; sw[7]      ; hex3[2]     ; 6.284 ; 6.284 ; 6.284 ; 6.284 ;
; sw[7]      ; hex3[3]     ; 6.080 ; 6.080 ; 6.080 ; 6.080 ;
; sw[7]      ; hex3[4]     ;       ; 6.063 ; 6.063 ;       ;
; sw[7]      ; hex3[5]     ; 6.095 ; 6.095 ; 6.095 ; 6.095 ;
; sw[7]      ; hex3[6]     ; 6.425 ; 6.425 ; 6.425 ; 6.425 ;
+------------+-------------+-------+-------+-------+-------+


+----------------------------------------------------------+
; Minimum Progagation Delay                                ;
+------------+-------------+-------+-------+-------+-------+
; Input Port ; Output Port ; RR    ; RF    ; FR    ; FF    ;
+------------+-------------+-------+-------+-------+-------+
; sw[0]      ; hex0[0]     ; 3.446 ; 3.446 ; 3.446 ; 3.446 ;
; sw[0]      ; hex0[1]     ; 3.470 ; 3.470 ; 3.470 ; 3.470 ;
; sw[0]      ; hex0[2]     ;       ; 3.597 ; 3.597 ;       ;
; sw[0]      ; hex0[3]     ; 3.593 ; 3.593 ; 3.593 ; 3.593 ;
; sw[0]      ; hex0[4]     ; 3.616 ;       ;       ; 3.616 ;
; sw[0]      ; hex0[5]     ; 3.629 ;       ;       ; 3.629 ;
; sw[0]      ; hex0[6]     ; 3.622 ; 3.622 ; 3.622 ; 3.622 ;
; sw[0]      ; hex2[0]     ; 3.606 ; 3.606 ; 3.606 ; 3.606 ;
; sw[0]      ; hex2[1]     ; 3.728 ; 3.728 ; 3.728 ; 3.728 ;
; sw[0]      ; hex2[2]     ;       ; 3.767 ; 3.767 ;       ;
; sw[0]      ; hex2[3]     ; 3.770 ; 3.770 ; 3.770 ; 3.770 ;
; sw[0]      ; hex2[4]     ; 3.755 ;       ;       ; 3.755 ;
; sw[0]      ; hex2[5]     ; 3.765 ;       ;       ; 3.765 ;
; sw[0]      ; hex2[6]     ; 3.770 ; 3.770 ; 3.770 ; 3.770 ;
; sw[1]      ; hex0[0]     ; 3.350 ; 3.350 ; 3.350 ; 3.350 ;
; sw[1]      ; hex0[1]     ; 3.382 ; 3.382 ; 3.382 ; 3.382 ;
; sw[1]      ; hex0[2]     ; 3.502 ;       ;       ; 3.502 ;
; sw[1]      ; hex0[3]     ; 3.508 ; 3.508 ; 3.508 ; 3.508 ;
; sw[1]      ; hex0[4]     ;       ; 3.530 ; 3.530 ;       ;
; sw[1]      ; hex0[5]     ; 3.530 ; 3.530 ; 3.530 ; 3.530 ;
; sw[1]      ; hex0[6]     ; 3.523 ; 3.523 ; 3.523 ; 3.523 ;
; sw[1]      ; hex2[0]     ; 3.510 ; 3.510 ; 3.510 ; 3.510 ;
; sw[1]      ; hex2[1]     ; 3.640 ; 3.640 ; 3.640 ; 3.640 ;
; sw[1]      ; hex2[2]     ; 3.672 ;       ;       ; 3.672 ;
; sw[1]      ; hex2[3]     ; 3.685 ; 3.685 ; 3.685 ; 3.685 ;
; sw[1]      ; hex2[4]     ;       ; 3.669 ; 3.669 ;       ;
; sw[1]      ; hex2[5]     ; 3.666 ; 3.666 ; 3.666 ; 3.666 ;
; sw[1]      ; hex2[6]     ; 3.671 ; 3.671 ; 3.671 ; 3.671 ;
; sw[2]      ; hex0[0]     ; 3.260 ; 3.260 ; 3.260 ; 3.260 ;
; sw[2]      ; hex0[1]     ; 3.285 ;       ;       ; 3.285 ;
; sw[2]      ; hex0[2]     ; 3.411 ; 3.411 ; 3.411 ; 3.411 ;
; sw[2]      ; hex0[3]     ; 3.408 ; 3.408 ; 3.408 ; 3.408 ;
; sw[2]      ; hex0[4]     ; 3.431 ; 3.431 ; 3.431 ; 3.431 ;
; sw[2]      ; hex0[5]     ; 3.439 ; 3.439 ; 3.439 ; 3.439 ;
; sw[2]      ; hex0[6]     ; 3.436 ; 3.436 ; 3.436 ; 3.436 ;
; sw[2]      ; hex2[0]     ; 3.420 ; 3.420 ; 3.420 ; 3.420 ;
; sw[2]      ; hex2[1]     ; 3.543 ;       ;       ; 3.543 ;
; sw[2]      ; hex2[2]     ; 3.581 ; 3.581 ; 3.581 ; 3.581 ;
; sw[2]      ; hex2[3]     ; 3.585 ; 3.585 ; 3.585 ; 3.585 ;
; sw[2]      ; hex2[4]     ; 3.570 ; 3.570 ; 3.570 ; 3.570 ;
; sw[2]      ; hex2[5]     ; 3.575 ; 3.575 ; 3.575 ; 3.575 ;
; sw[2]      ; hex2[6]     ; 3.584 ; 3.584 ; 3.584 ; 3.584 ;
; sw[3]      ; hex0[0]     ; 3.295 ; 3.295 ; 3.295 ; 3.295 ;
; sw[3]      ; hex0[1]     ; 3.318 ; 3.318 ; 3.318 ; 3.318 ;
; sw[3]      ; hex0[2]     ; 3.448 ; 3.448 ; 3.448 ; 3.448 ;
; sw[3]      ; hex0[3]     ; 3.440 ; 3.440 ; 3.440 ; 3.440 ;
; sw[3]      ; hex0[4]     ;       ; 3.464 ; 3.464 ;       ;
; sw[3]      ; hex0[5]     ; 3.474 ; 3.474 ; 3.474 ; 3.474 ;
; sw[3]      ; hex0[6]     ; 3.470 ; 3.470 ; 3.470 ; 3.470 ;
; sw[3]      ; hex2[0]     ; 3.455 ; 3.455 ; 3.455 ; 3.455 ;
; sw[3]      ; hex2[1]     ; 3.576 ; 3.576 ; 3.576 ; 3.576 ;
; sw[3]      ; hex2[2]     ; 3.618 ; 3.618 ; 3.618 ; 3.618 ;
; sw[3]      ; hex2[3]     ; 3.617 ; 3.617 ; 3.617 ; 3.617 ;
; sw[3]      ; hex2[4]     ;       ; 3.603 ; 3.603 ;       ;
; sw[3]      ; hex2[5]     ; 3.610 ; 3.610 ; 3.610 ; 3.610 ;
; sw[3]      ; hex2[6]     ; 3.618 ; 3.618 ; 3.618 ; 3.618 ;
; sw[4]      ; hex1[0]     ; 3.445 ; 3.445 ; 3.445 ; 3.445 ;
; sw[4]      ; hex1[1]     ; 3.511 ; 3.511 ; 3.511 ; 3.511 ;
; sw[4]      ; hex1[2]     ;       ; 3.519 ; 3.519 ;       ;
; sw[4]      ; hex1[3]     ; 3.536 ; 3.536 ; 3.536 ; 3.536 ;
; sw[4]      ; hex1[4]     ; 3.536 ;       ;       ; 3.536 ;
; sw[4]      ; hex1[5]     ; 3.576 ;       ;       ; 3.576 ;
; sw[4]      ; hex1[6]     ; 3.568 ; 3.568 ; 3.568 ; 3.568 ;
; sw[4]      ; hex3[0]     ; 3.559 ; 3.559 ; 3.559 ; 3.559 ;
; sw[4]      ; hex3[1]     ; 3.688 ; 3.688 ; 3.688 ; 3.688 ;
; sw[4]      ; hex3[2]     ;       ; 3.696 ; 3.696 ;       ;
; sw[4]      ; hex3[3]     ; 3.546 ; 3.546 ; 3.546 ; 3.546 ;
; sw[4]      ; hex3[4]     ; 3.516 ;       ;       ; 3.516 ;
; sw[4]      ; hex3[5]     ; 3.556 ;       ;       ; 3.556 ;
; sw[4]      ; hex3[6]     ; 3.678 ; 3.678 ; 3.678 ; 3.678 ;
; sw[5]      ; hex1[0]     ; 3.345 ; 3.345 ; 3.345 ; 3.345 ;
; sw[5]      ; hex1[1]     ; 3.433 ; 3.433 ; 3.433 ; 3.433 ;
; sw[5]      ; hex1[2]     ; 3.432 ;       ;       ; 3.432 ;
; sw[5]      ; hex1[3]     ; 3.444 ; 3.444 ; 3.444 ; 3.444 ;
; sw[5]      ; hex1[4]     ;       ; 3.453 ; 3.453 ;       ;
; sw[5]      ; hex1[5]     ; 3.485 ; 3.485 ; 3.485 ; 3.485 ;
; sw[5]      ; hex1[6]     ; 3.485 ; 3.485 ; 3.485 ; 3.485 ;
; sw[5]      ; hex3[0]     ; 3.459 ; 3.459 ; 3.459 ; 3.459 ;
; sw[5]      ; hex3[1]     ; 3.610 ; 3.610 ; 3.610 ; 3.610 ;
; sw[5]      ; hex3[2]     ; 3.609 ;       ;       ; 3.609 ;
; sw[5]      ; hex3[3]     ; 3.454 ; 3.454 ; 3.454 ; 3.454 ;
; sw[5]      ; hex3[4]     ;       ; 3.433 ; 3.433 ;       ;
; sw[5]      ; hex3[5]     ; 3.465 ; 3.465 ; 3.465 ; 3.465 ;
; sw[5]      ; hex3[6]     ; 3.595 ; 3.595 ; 3.595 ; 3.595 ;
; sw[6]      ; hex1[0]     ; 3.373 ; 3.373 ; 3.373 ; 3.373 ;
; sw[6]      ; hex1[1]     ; 3.452 ;       ;       ; 3.452 ;
; sw[6]      ; hex1[2]     ; 3.455 ; 3.455 ; 3.455 ; 3.455 ;
; sw[6]      ; hex1[3]     ; 3.466 ; 3.466 ; 3.466 ; 3.466 ;
; sw[6]      ; hex1[4]     ; 3.472 ; 3.472 ; 3.472 ; 3.472 ;
; sw[6]      ; hex1[5]     ; 3.506 ; 3.506 ; 3.506 ; 3.506 ;
; sw[6]      ; hex1[6]     ; 3.504 ; 3.504 ; 3.504 ; 3.504 ;
; sw[6]      ; hex3[0]     ; 3.487 ; 3.487 ; 3.487 ; 3.487 ;
; sw[6]      ; hex3[1]     ; 3.629 ;       ;       ; 3.629 ;
; sw[6]      ; hex3[2]     ; 3.632 ; 3.632 ; 3.632 ; 3.632 ;
; sw[6]      ; hex3[3]     ; 3.476 ; 3.476 ; 3.476 ; 3.476 ;
; sw[6]      ; hex3[4]     ; 3.452 ; 3.452 ; 3.452 ; 3.452 ;
; sw[6]      ; hex3[5]     ; 3.486 ; 3.486 ; 3.486 ; 3.486 ;
; sw[6]      ; hex3[6]     ; 3.614 ; 3.614 ; 3.614 ; 3.614 ;
; sw[7]      ; hex1[0]     ; 2.795 ; 2.795 ; 2.795 ; 2.795 ;
; sw[7]      ; hex1[1]     ; 2.883 ; 2.883 ; 2.883 ; 2.883 ;
; sw[7]      ; hex1[2]     ; 2.881 ; 2.881 ; 2.881 ; 2.881 ;
; sw[7]      ; hex1[3]     ; 2.888 ; 2.888 ; 2.888 ; 2.888 ;
; sw[7]      ; hex1[4]     ;       ; 2.903 ; 2.903 ;       ;
; sw[7]      ; hex1[5]     ; 2.935 ; 2.935 ; 2.935 ; 2.935 ;
; sw[7]      ; hex1[6]     ; 2.935 ; 2.935 ; 2.935 ; 2.935 ;
; sw[7]      ; hex3[0]     ; 2.909 ; 2.909 ; 2.909 ; 2.909 ;
; sw[7]      ; hex3[1]     ; 3.060 ; 3.060 ; 3.060 ; 3.060 ;
; sw[7]      ; hex3[2]     ; 3.058 ; 3.058 ; 3.058 ; 3.058 ;
; sw[7]      ; hex3[3]     ; 2.898 ; 2.898 ; 2.898 ; 2.898 ;
; sw[7]      ; hex3[4]     ;       ; 2.883 ; 2.883 ;       ;
; sw[7]      ; hex3[5]     ; 2.915 ; 2.915 ; 2.915 ; 2.915 ;
; sw[7]      ; hex3[6]     ; 3.045 ; 3.045 ; 3.045 ; 3.045 ;
+------------+-------------+-------+-------+-------+-------+


-------------------
; Clock Transfers ;
-------------------
Nothing to report.


---------------
; Report TCCS ;
---------------
No dedicated SERDES Transmitter circuitry present in device or used in design


---------------
; Report RSKM ;
---------------
No dedicated SERDES Receiver circuitry present in device or used in design


+------------------------------------------------+
; Unconstrained Paths                            ;
+---------------------------------+-------+------+
; Property                        ; Setup ; Hold ;
+---------------------------------+-------+------+
; Illegal Clocks                  ; 0     ; 0    ;
; Unconstrained Clocks            ; 0     ; 0    ;
; Unconstrained Input Ports       ; 8     ; 8    ;
; Unconstrained Input Port Paths  ; 112   ; 112  ;
; Unconstrained Output Ports      ; 28    ; 28   ;
; Unconstrained Output Port Paths ; 112   ; 112  ;
+---------------------------------+-------+------+


+------------------------------------+
; TimeQuest Timing Analyzer Messages ;
+------------------------------------+
Info: *******************************************************************
Info: Running Quartus II 64-Bit TimeQuest Timing Analyzer
    Info: Version 13.0.1 Build 232 06/12/2013 Service Pack 1 SJ Web Edition
    Info: Processing started: Sun Jul 16 17:19:08 2023
Info: Command: quartus_sta bin_to_sseg_test -c bin_to_sseg_test
Info: qsta_default_script.tcl version: #1
Warning (20028): Parallel compilation is not licensed and has been disabled
Info (21077): Low junction temperature is 0 degrees C
Info (21077): High junction temperature is 85 degrees C
Critical Warning (332012): Synopsys Design Constraints File file not found: 'bin_to_sseg_test.sdc'. A Synopsys Design Constraints File is required by the TimeQuest Timing Analyzer to get proper timing constraints. Without it, the Compiler will not properly optimize the design.
Info (332142): No user constrained base clocks found in the design. Calling "derive_clocks -period 1.0"
Info (332096): The command derive_clocks did not find any clocks to derive.  No clocks were created or changed.
Warning (332068): No clocks defined in design.
Info: Found TIMEQUEST_REPORT_SCRIPT_INCLUDE_DEFAULT_ANALYSIS = ON
Info (332159): No clocks to report
Info: Analyzing Slow Model
Info (332140): No fmax paths to report
Info (332140): No Setup paths to report
Info (332140): No Hold paths to report
Info (332140): No Recovery paths to report
Info (332140): No Removal paths to report
Info (332140): No Minimum Pulse Width paths to report
Info (332001): The selected device family is not supported by the report_metastability command.
Info: Analyzing Fast Model
Info (332142): No user constrained base clocks found in the design. Calling "derive_clocks -period 1.0"
Info (332096): The command derive_clocks did not find any clocks to derive.  No clocks were created or changed.
Warning (332068): No clocks defined in design.
Info (332140): No Setup paths to report
Info (332140): No Hold paths to report
Info (332140): No Recovery paths to report
Info (332140): No Removal paths to report
Info (332140): No Minimum Pulse Width paths to report
Info (332001): The selected device family is not supported by the report_metastability command.
Info (332102): Design is not fully constrained for setup requirements
Info (332102): Design is not fully constrained for hold requirements
Info: Quartus II 64-Bit TimeQuest Timing Analyzer was successful. 0 errors, 4 warnings
    Info: Peak virtual memory: 4536 megabytes
    Info: Processing ended: Sun Jul 16 17:19:09 2023
    Info: Elapsed time: 00:00:01
    Info: Total CPU time (on all processors): 00:00:01


